[     158ms] [LOG] [Fast Refresh] rebuilding @ http://localhost:3000/_next/static/chunks/13-7_next_dist_1lflez5._.js:2489
[     159ms] [LOG] [Fast Refresh] done in 102ms @ http://localhost:3000/_next/static/chunks/13-7_next_dist_1lflez5._.js:2489
[    1635ms] [INFO] %cDownload the React DevTools for a better development experience: https://react.dev/link/react-devtools font-weight:bold @ http://localhost:3000/_next/static/chunks/13-7_next_dist_1lflez5._.js:2489
[    1945ms] [LOG] [HMR] connected @ http://localhost:3000/_next/static/chunks/13-7_next_dist_1lflez5._.js:2489
[    2076ms] [ERROR] In HTML, %s cannot be a descendant of <%s>.
This will cause a hydration error.%s <button> button 

  ...
    <div className="BudgetCate...">
      <div>
      <div className="BudgetCate...">
        <BudgetGroupCard group={{id:"giving", ...}}>
          <@mantine/core/Accordion unstyled={true} value={null} onChange={function BudgetGroupCard.useCallback[onToggle]} ...>
            <@mantine/core/Box className="BudgetGrou..." style={{...}} id="mantine-_R..." variant="default" ...>
              <div ref={undefined} style={{...}} className="BudgetGrou..." data-variant="default" data-size={undefined} ...>
                <@mantine/core/AccordionItem value="giving">
                  <@mantine/core/Box mod={[...]} className="BudgetGrou..." style={{}}>
                    <div ref={undefined} style={{}} className="BudgetGrou..." data-variant={undefined} ...>
                      <@mantine/core/AccordionControl>
                        <@mantine/core/UnstyledButton className="mantine-Ac..." style={{display:"flex", ...}} ...>
                          <@mantine/core/Box className="mantine-Ac..." style={{display:"flex", ...}} component="button" ...>
>                           <button
>                             ref={undefined}
>                             style={{display:"flex",flexDirection:"row-reverse",alignItems:"center",width:"100%",padding:0, ...}}
>                             className="mantine-Accordion-control mantine-UnstyledButton-root"
>                             data-variant={undefined}
>                             data-size={undefined}
>                             size={undefined}
>                             data-accordion-control={true}
>                             data-chevron-position="right"
>                             type="button"
>                             onClick={function onClick}
>                             aria-expanded={false}
>                             aria-controls="mantine-_R_1lbl9bn5rnmmitulb_-panel-giving"
>                             id="mantine-_R_1lbl9bn5rnmmitulb_-control-giving"
>                             onKeyDown={function}
>                           >
                              <@mantine/core/Box>
                              ...
                                <@mantine/core/Box className="BudgetGrou..." style={{}}>
                                  <div ref={undefined} style={{}} className="BudgetGrou..." data-variant={undefined} ...>
                                    <div className="BudgetGrou..." style={{}} data-expanded={undefined}>
                                      <span>
                                      <div>
                                      <div>
                                      <div>
>                                     <button
>                                       type="button"
>                                       className="BudgetGroupHeader-module__VA4T1a__addItem mantine-BudgetGroupHeader..."
>                                       style={{}}
>                                       onClick={function onAddItem}
>                                       aria-label="Add item to Giving"
>                                     >
                      ...
        ...
 @ http://localhost:3000/_next/static/chunks/13-7_next_dist_1lflez5._.js:3330
[    2077ms] [ERROR] <%s> cannot contain a nested %s.
See this log for the ancestor stack trace. button <button> @ http://localhost:3000/_next/static/chunks/13-7_next_dist_1lflez5._.js:3330
[    2085ms] [ERROR] Encountered a script tag while rendering React component. Scripts inside React components are never executed when rendering on the client. Consider using template tag instead (https://developer.mozilla.org/en-US/docs/Web/HTML/Element/template). @ http://localhost:3000/_next/static/chunks/13-7_next_dist_1lflez5._.js:3330
[    2275ms] Error: Hydration failed because the server rendered HTML didn't match the client. As a result this tree will be regenerated on the client. This can happen if a SSR-ed Client Component used:

- A server/client branch `if (typeof window !== 'undefined')`.
- Variable input such as `Date.now()` or `Math.random()` which changes each time it's called.
- Date formatting in a user's locale which doesn't match the server.
- External changing data without sending a snapshot of it along with the HTML.
- Invalid HTML tag nesting.

It can also happen if the client has a browser extension installed which messes with the HTML before React loaded.

https://react.dev/link/hydration-mismatch
    at throwOnHydrationMismatch (http://localhost:3000/_next/static/chunks/13-7_next_dist_compiled_react-dom_0vqk2fi._.js:3318:56)
    at beginWork (http://localhost:3000/_next/static/chunks/13-7_next_dist_compiled_react-dom_0vqk2fi._.js:6758:918)
    at runWithFiberInDEV (http://localhost:3000/_next/static/chunks/13-7_next_dist_compiled_react-dom_0vqk2fi._.js:965:74)
    at performUnitOfWork (http://localhost:3000/_next/static/chunks/13-7_next_dist_compiled_react-dom_0vqk2fi._.js:9555:97)
    at workLoopConcurrentByScheduler (http://localhost:3000/_next/static/chunks/13-7_next_dist_compiled_react-dom_0vqk2fi._.js:9551:58)
    at renderRootConcurrent (http://localhost:3000/_next/static/chunks/13-7_next_dist_compiled_react-dom_0vqk2fi._.js:9534:71)
    at performWorkOnRoot (http://localhost:3000/_next/static/chunks/13-7_next_dist_compiled_react-dom_0vqk2fi._.js:9061:150)
    at performWorkOnRootViaSchedulerTask (http://localhost:3000/_next/static/chunks/13-7_next_dist_compiled_react-dom_0vqk2fi._.js:10255:9)
    at MessagePort.performWorkUntilDeadline (http://localhost:3000/_next/static/chunks/13-7_next_dist_compiled_00ojxj0._.js:2647:64)
[   18994ms] [LOG] [Fast Refresh] rebuilding @ http://localhost:3000/_next/static/chunks/13-7_next_dist_1lflez5._.js:2489
[   19054ms] [LOG] [Fast Refresh] done in 19ms @ http://localhost:3000/_next/static/chunks/13-7_next_dist_1lflez5._.js:2489
