[    1345ms] [INFO] %cDownload the React DevTools for a better development experience: https://react.dev/link/react-devtools font-weight:bold @ http://localhost:3000/_next/static/chunks/13-7_next_dist_1lflez5._.js:2489
[    1527ms] [LOG] [HMR] connected @ http://localhost:3000/_next/static/chunks/13-7_next_dist_1lflez5._.js:2489
[  504030ms] [LOG] [Fast Refresh] rebuilding @ http://localhost:3000/_next/static/chunks/13-7_next_dist_1lflez5._.js:2489
[  504089ms] [LOG] [Fast Refresh] done in 29ms @ http://localhost:3000/_next/static/chunks/13-7_next_dist_1lflez5._.js:2489
[  505510ms] [LOG] [Fast Refresh] rebuilding @ http://localhost:3000/_next/static/chunks/13-7_next_dist_1lflez5._.js:2489
[  505565ms] [LOG] [Fast Refresh] done in 23ms @ http://localhost:3000/_next/static/chunks/13-7_next_dist_1lflez5._.js:2489
[  507323ms] [LOG] [Fast Refresh] rebuilding @ http://localhost:3000/_next/static/chunks/13-7_next_dist_1lflez5._.js:2489
[  507381ms] [LOG] [Fast Refresh] done in 22ms @ http://localhost:3000/_next/static/chunks/13-7_next_dist_1lflez5._.js:2489
[  509091ms] [LOG] [Fast Refresh] rebuilding @ http://localhost:3000/_next/static/chunks/13-7_next_dist_1lflez5._.js:2489
[  509145ms] [LOG] [Fast Refresh] done in 17ms @ http://localhost:3000/_next/static/chunks/13-7_next_dist_1lflez5._.js:2489
[ 1100998ms] [LOG] [Fast Refresh] rebuilding @ http://localhost:3000/_next/static/chunks/13-7_next_dist_1lflez5._.js:2489
[ 1101030ms] [LOG] [Fast Refresh] done in 11ms @ http://localhost:3000/_next/static/chunks/13-7_next_dist_1lflez5._.js:2489
[ 1101873ms] [LOG] [Fast Refresh] rebuilding @ http://localhost:3000/_next/static/chunks/13-7_next_dist_1lflez5._.js:2489
[ 1101924ms] [LOG] [Fast Refresh] done in 14ms @ http://localhost:3000/_next/static/chunks/13-7_next_dist_1lflez5._.js:2489
[ 1103343ms] [LOG] [Fast Refresh] rebuilding @ http://localhost:3000/_next/static/chunks/13-7_next_dist_1lflez5._.js:2489
[ 1103374ms] ReferenceError: isLast is not defined
    at BudgetGroupCard (http://localhost:3000/_next/static/chunks/src_01k7pk2._.js?id=%255Bproject%255D%252Fsrc%252Ffeatures%252Fplanning%252Fcomponents%252Fbudget-group%252FBudgetGroupCard%252FBudgetGroupCard.tsx+%255Bapp-client%255D+%2528ecmascript%2529:160:257)
    at Object.react_stack_bottom_frame (http://localhost:3000/_next/static/chunks/13-7_next_dist_compiled_react-dom_0vqk2fi._.js:15037:24)
    at renderWithHooks (http://localhost:3000/_next/static/chunks/13-7_next_dist_compiled_react-dom_0vqk2fi._.js:4620:24)
    at updateFunctionComponent (http://localhost:3000/_next/static/chunks/13-7_next_dist_compiled_react-dom_0vqk2fi._.js:6081:21)
    at updateSimpleMemoComponent (http://localhost:3000/_next/static/chunks/13-7_next_dist_compiled_react-dom_0vqk2fi._.js:5944:16)
    at beginWork (http://localhost:3000/_next/static/chunks/13-7_next_dist_compiled_react-dom_0vqk2fi._.js:6780:24)
    at runWithFiberInDEV (http://localhost:3000/_next/static/chunks/13-7_next_dist_compiled_react-dom_0vqk2fi._.js:965:74)
    at performUnitOfWork (http://localhost:3000/_next/static/chunks/13-7_next_dist_compiled_react-dom_0vqk2fi._.js:9555:97)
    at workLoopSync (http://localhost:3000/_next/static/chunks/13-7_next_dist_compiled_react-dom_0vqk2fi._.js:9449:40)
    at renderRootSync (http://localhost:3000/_next/static/chunks/13-7_next_dist_compiled_react-dom_0vqk2fi._.js:9433:13)
    at performWorkOnRoot (http://localhost:3000/_next/static/chunks/13-7_next_dist_compiled_react-dom_0vqk2fi._.js:9098:47)
    at performSyncWorkOnRoot (http://localhost:3000/_next/static/chunks/13-7_next_dist_compiled_react-dom_0vqk2fi._.js:10263:9)
    at flushSyncWorkAcrossRoots_impl (http://localhost:3000/_next/static/chunks/13-7_next_dist_compiled_react-dom_0vqk2fi._.js:10179:316)
    at flushSyncWork$1 (http://localhost:3000/_next/static/chunks/13-7_next_dist_compiled_react-dom_0vqk2fi._.js:9230:86)
    at Object.scheduleRefresh (http://localhost:3000/_next/static/chunks/13-7_next_dist_compiled_react-dom_0vqk2fi._.js:299:13)
    at http://localhost:3000/_next/static/chunks/13-7_next_dist_compiled_00ojxj0._.js:391:33
    at Set.forEach (<anonymous>)
    at Object.performReactRefresh (http://localhost:3000/_next/static/chunks/13-7_next_dist_compiled_00ojxj0._.js:384:38)
    at applyUpdate (http://localhost:3000/_next/static/chunks/13-7_next_dist_compiled_00ojxj0._.js:878:31)
    at http://localhost:3000/_next/static/chunks/13-7_next_dist_compiled_00ojxj0._.js:886:13
[ 1103381ms] [LOG] [Fast Refresh] done in 20ms @ http://localhost:3000/_next/static/chunks/13-7_next_dist_1lflez5._.js:2489
[ 1104200ms] [LOG] [Fast Refresh] rebuilding @ http://localhost:3000/_next/static/chunks/13-7_next_dist_1lflez5._.js:2489
[ 1104203ms] [WARNING] [Fast Refresh] performing full reload because your application had an unrecoverable error @ http://localhost:3000/_next/static/chunks/13-7_next_dist_1lflez5._.js:2489
[ 1104207ms] [ERROR] Encountered a script tag while rendering React component. Scripts inside React components are never executed when rendering on the client. Consider using template tag instead (https://developer.mozilla.org/en-US/docs/Web/HTML/Element/template). @ http://localhost:3000/_next/static/chunks/13-7_next_dist_1lflez5._.js:3330
[ 1104397ms] [LOG] [Fast Refresh] done in 21ms @ http://localhost:3000/_next/static/chunks/13-7_next_dist_1lflez5._.js:2489
[ 1104724ms] [LOG] [Fast Refresh] rebuilding @ http://localhost:3000/_next/static/chunks/13-7_next_dist_1lflez5._.js:2489
[ 1104725ms] [WARNING] [Fast Refresh] performing full reload because your application had an unrecoverable error @ http://localhost:3000/_next/static/chunks/13-7_next_dist_1lflez5._.js:2489
[ 1104781ms] [LOG] [Fast Refresh] done in 11ms @ http://localhost:3000/_next/static/chunks/13-7_next_dist_1lflez5._.js:2489
[ 1107846ms] [INFO] %cDownload the React DevTools for a better development experience: https://react.dev/link/react-devtools font-weight:bold @ http://localhost:3000/_next/static/chunks/13-7_next_dist_1lflez5._.js:2489
[ 1108012ms] [LOG] [HMR] connected @ http://localhost:3000/_next/static/chunks/13-7_next_dist_1lflez5._.js:2489
[ 1136858ms] [LOG] [Fast Refresh] rebuilding @ http://localhost:3000/_next/static/chunks/13-7_next_dist_1lflez5._.js:2489
[ 1137612ms] [LOG] [Fast Refresh] done in 505ms @ http://localhost:3000/_next/static/chunks/13-7_next_dist_1lflez5._.js:2489
[ 1137945ms] [LOG] [Fast Refresh] rebuilding @ http://localhost:3000/_next/static/chunks/13-7_next_dist_1lflez5._.js:2489
[ 1137989ms] [LOG] [Fast Refresh] done in 146ms @ http://localhost:3000/_next/static/chunks/13-7_next_dist_1lflez5._.js:2489
[ 1138309ms] [LOG] [Fast Refresh] rebuilding @ http://localhost:3000/_next/static/chunks/13-7_next_dist_1lflez5._.js:2489
[ 1138735ms] [LOG] [Fast Refresh] done in 528ms @ http://localhost:3000/_next/static/chunks/13-7_next_dist_1lflez5._.js:2489
[ 1150239ms] [ERROR] Failed to load resource: the server responded with a status of 500 (Internal Server Error) @ http://localhost:3000/planning:0
[ 1150394ms] [INFO] %cDownload the React DevTools for a better development experience: https://react.dev/link/react-devtools font-weight:bold @ http://localhost:3000/_next/static/chunks/13-7_next_dist_1lflez5._.js:2489
[ 1150427ms] [LOG] [HMR] connected @ http://localhost:3000/_next/static/chunks/13-7_next_dist_1lflez5._.js:2489
[ 1150462ms] [ERROR] Encountered a script tag while rendering React component. Scripts inside React components are never executed when rendering on the client. Consider using template tag instead (https://developer.mozilla.org/en-US/docs/Web/HTML/Element/template). @ http://localhost:3000/_next/static/chunks/13-7_next_dist_1lflez5._.js:3330
[ 1151452ms] [LOG] [Fast Refresh] rebuilding @ http://localhost:3000/_next/static/chunks/13-7_next_dist_1lflez5._.js:2489
[ 1151851ms] [LOG] [Fast Refresh] done in 501ms @ http://localhost:3000/_next/static/chunks/13-7_next_dist_1lflez5._.js:2489
[ 1151957ms] [LOG] [Fast Refresh] rebuilding @ http://localhost:3000/_next/static/chunks/13-7_next_dist_1lflez5._.js:2489
[ 1152234ms] [LOG] [Fast Refresh] done in 377ms @ http://localhost:3000/_next/static/chunks/13-7_next_dist_1lflez5._.js:2489
[ 1155352ms] [WARNING] The resource http://localhost:3000/_next/static/chunks/%5Broot-of-the-server%5D__1l6o733._.css was preloaded using link preload but not used within a few seconds from the window's load event. Please make sure it has an appropriate `as` value and it is preloaded intentionally. @ http://localhost:3000/planning:0
